CRITICAL - 2026-07-10 09:52:29 --> ErrorException: Constant expression contains invalid operations
in APPPATH/Config/Database.php on line 25.
 1 [internal function]: CodeIgniter\Debug\Exceptions->shutdownHandler()
CRITICAL - 2026-07-10 09:59:51 --> Error: Call to undefined method Config\Database::connect()
in SYSTEMPATH/Common.php on line 365.
 1 SYSTEMPATH/Database/MigrationRunner.php(144): db_connect()
 2 SYSTEMPATH/Config/Services.php(417): CodeIgniter\Database\MigrationRunner->__construct()
 3 SYSTEMPATH/Config/BaseService.php(258): CodeIgniter\Config\Services::migrations()
 4 SYSTEMPATH/Config/BaseService.php(199): CodeIgniter\Config\BaseService::__callStatic()
 5 SYSTEMPATH/Config/Services.php(412): CodeIgniter\Config\BaseService::getSharedInstance()
 6 SYSTEMPATH/Config/BaseService.php(258): CodeIgniter\Config\Services::migrations()
 7 SYSTEMPATH/Commands/Database/Migrate.php(69): CodeIgniter\Config\BaseService::__callStatic()
 8 SYSTEMPATH/CLI/Commands.php(65): CodeIgniter\Commands\Database\Migrate->run()
 9 SYSTEMPATH/CLI/Console.php(46): CodeIgniter\CLI\Commands->run()
10 ROOTPATH/spark(102): CodeIgniter\CLI\Console->run()
CRITICAL - 2026-07-10 10:00:31 --> Error: Call to undefined method Config\Database::connect()
in SYSTEMPATH/Common.php on line 365.
 1 SYSTEMPATH/Database/MigrationRunner.php(144): db_connect()
 2 SYSTEMPATH/Config/Services.php(417): CodeIgniter\Database\MigrationRunner->__construct()
 3 SYSTEMPATH/Config/BaseService.php(258): CodeIgniter\Config\Services::migrations()
 4 SYSTEMPATH/Config/BaseService.php(199): CodeIgniter\Config\BaseService::__callStatic()
 5 SYSTEMPATH/Config/Services.php(412): CodeIgniter\Config\BaseService::getSharedInstance()
 6 SYSTEMPATH/Config/BaseService.php(258): CodeIgniter\Config\Services::migrations()
 7 SYSTEMPATH/Commands/Database/Migrate.php(69): CodeIgniter\Config\BaseService::__callStatic()
 8 SYSTEMPATH/CLI/Commands.php(65): CodeIgniter\Commands\Database\Migrate->run()
 9 SYSTEMPATH/CLI/Console.php(46): CodeIgniter\CLI\Commands->run()
10 ROOTPATH/spark(102): CodeIgniter\CLI\Console->run()
CRITICAL - 2026-07-10 10:00:40 --> Error: Call to undefined method Config\Database::connect()
in SYSTEMPATH/Common.php on line 365.
 1 SYSTEMPATH/Database/MigrationRunner.php(144): db_connect()
 2 SYSTEMPATH/Config/Services.php(417): CodeIgniter\Database\MigrationRunner->__construct()
 3 SYSTEMPATH/Config/BaseService.php(258): CodeIgniter\Config\Services::migrations()
 4 SYSTEMPATH/Config/BaseService.php(199): CodeIgniter\Config\BaseService::__callStatic()
 5 SYSTEMPATH/Config/Services.php(412): CodeIgniter\Config\BaseService::getSharedInstance()
 6 SYSTEMPATH/Config/BaseService.php(258): CodeIgniter\Config\Services::migrations()
 7 SYSTEMPATH/Commands/Database/Migrate.php(69): CodeIgniter\Config\BaseService::__callStatic()
 8 SYSTEMPATH/CLI/Commands.php(65): CodeIgniter\Commands\Database\Migrate->run()
 9 SYSTEMPATH/CLI/Console.php(46): CodeIgniter\CLI\Commands->run()
10 ROOTPATH/spark(102): CodeIgniter\CLI\Console->run()
